D/WifiService( 1406): ACTION_SCREEN_OFF : WIFI_SLEEP_POLICY_NEVER & unpluged
D/WifiService( 1406): GetWiFiStats start
D/WifiService( 1406): GetWiFiStats : received str stats 3440766 43779832 Cnt 3
D/WifiService( 1406): GetWiFiStats : Tx 3440766 Rx 43779832
D/WifiService( 1406): GetWiFiStats : converted Tx 3440766 Rx 43779832
D/StatusBar( 1406): DISABLE_EXPAND: yes
D/WifiService( 1406): MESSAGE_CHECK_WIFISTATS
D/WifiService( 1406): GetWiFiStats start
D/WifiService( 1406): GetWiFiStats : received str stats 3440766 43779942 Cnt 3
D/WifiService( 1406): GetWiFiStats : Tx 3440766 Rx 43779942
D/WifiService( 1406): GetWiFiStats : converted Tx 3440766 Rx 43779942
D/WifiService( 1406): KeepWiFiWakeLock : old Tx 3440766 old Rx 43779832
D/WifiService( 1406): KeepWiFiWakeLock : Tx 3440766 Rx 43779942
D/WifiService( 1406): KeepWiFiWakeLock : release wake lock
D/WifiService( 1406): MESSAGE_CHECK_WIFISTATS : no wifi data
D/WifiService( 1406): releaseWiFiStopWakeLock
W/ActivityManager( 1406): Unable to launch app org.wahtod.wififixer/10084 for service Intent { cmp=org.wahtod.wififixer/.WifiFixerService }: process is bad
D/WifiService( 1406): BroadcastReceiver : android.intent.action.SCREEN_ON
D/WifiService( 1406): ACTION_SCREEN_ON
W/InputManagerService( 1406): Window already focused, ignoring focus gain of: com.android.internal.view.IInputMethodClient$Stub$Proxy@4a1dcd00
I/ActivityManager( 1406): Starting activity: Intent { act=android.intent.action.MAIN cat=[android.intent.category.HOME] flg=0x10200000 cmp=org.adw.launcher/.Launcher }
I/ActivityManager( 1406): No longer want com.lge.drmservice (pid 21857): hidden #26
W/ActivityManager( 1406): Scheduling restart of crashed service com.lge.drmservice/.DrmService in 5000ms
D/WifiService( 1406): BroadcastReceiver : android.intent.action.SCREEN_OFF
D/WifiService( 1406): ACTION_SCREEN_OFF
D/WifiService( 1406): ACTION_SCREEN_OFF : WIFI_SLEEP_POLICY_NEVER & unpluged
D/WifiService( 1406): GetWiFiStats start
D/WifiService( 1406): GetWiFiStats : received str stats 3449809 43789384 Cnt 3
D/WifiService( 1406): GetWiFiStats : Tx 3449809 Rx 43789384
D/WifiService( 1406): GetWiFiStats : converted Tx 3449809 Rx 43789384
D/StatusBar( 1406): DISABLE_EXPAND: yes
I/ActivityManager( 1406): Start proc com.lge.drmservice for service com.lge.drmservice/.DrmService: pid=25181 uid=10058 gids={4002, 3003}
D/WifiService( 1406): BroadcastReceiver : android.intent.action.SCREEN_ON
D/WifiService( 1406): ACTION_SCREEN_ON
D/WifiService( 1406): releaseWiFiStopWakeLock
W/InputManagerService( 1406): Window already focused, ignoring focus gain of: com.android.internal.view.IInputMethodClient$Stub$Proxy@4a2e5ef8
I/ActivityManager( 1406): Starting activity: Intent { act=android.intent.action.MAIN cat=[android.intent.category.HOME] flg=0x10200000 cmp=org.adw.launcher/.Launcher }
I/ActivityManager( 1406): Starting activity: Intent { act=android.intent.action.MAIN cat=[android.intent.category.LAUNCHER] flg=0x10200000 cmp=com.tunes.viewer/.TunesViewerActivity bnds=[83,48][157,127] }
I/ActivityManager( 1406): Starting activity: Intent { cmp=com.tunes.viewer/.PrefsActivity }
W/InputManagerService( 1406): Window already focused, ignoring focus gain of: com.android.internal.view.IInputMethodClient$Stub$Proxy@4a194e80
D/WifiService( 1406): acquireWifiLockLocked: WifiLock{Tunesviewer Download type=1 binder=android.os.BinderProxy@4a1fba18}
W/InputManagerService( 1406): Window already focused, ignoring focus gain of: com.android.internal.view.IInputMethodClient$Stub$Proxy@4a2df6c0
D/WifiService( 1406): releaseWifiLockLocked: WifiLock{Tunesviewer Download type=1 binder=android.os.BinderProxy@4a1fba18}
D/WifiService( 1406): BroadcastReceiver : android.intent.action.BATTERY_CHANGED
D/WifiService( 1406): ACTION_BATTERY_CHANGED pluggedType: 0
W/ActivityManager( 1406): Unable to launch app org.wahtod.wififixer/10084 for service Intent { cmp=org.wahtod.wififixer/.WifiFixerService }: process is bad
D/WifiService( 1406): BroadcastReceiver : android.intent.action.SCREEN_OFF
D/WifiService( 1406): ACTION_SCREEN_OFF
D/WifiService( 1406): ACTION_SCREEN_OFF : WIFI_SLEEP_POLICY_NEVER & unpluged
D/WifiService( 1406): GetWiFiStats start
D/WifiService( 1406): GetWiFiStats : received str stats 3555740 44826302 Cnt 3
D/WifiService( 1406): GetWiFiStats : Tx 3555740 Rx 44826302
D/WifiService( 1406): GetWiFiStats : converted Tx 3555740 Rx 44826302
D/StatusBar( 1406): DISABLE_EXPAND: yes
D/WifiService( 1406): MESSAGE_CHECK_WIFISTATS
D/WifiService( 1406): GetWiFiStats start
D/WifiService( 1406): GetWiFiStats : received str stats 3557662 44829619 Cnt 3
D/WifiService( 1406): GetWiFiStats : Tx 3557662 Rx 44829619
D/WifiService( 1406): GetWiFiStats : converted Tx 3557662 Rx 44829619
D/WifiService( 1406): KeepWiFiWakeLock : old Tx 3555740 old Rx 44826302
D/WifiService( 1406): KeepWiFiWakeLock : Tx 3557662 Rx 44829619
D/WifiService( 1406): KeepWiFiWakeLock : release wake lock
D/WifiService( 1406): MESSAGE_CHECK_WIFISTATS : no wifi data
D/WifiService( 1406): releaseWiFiStopWakeLock
D/WifiService( 1406): acquireWifiLockLocked: WifiLock{AndroidConnectionManager type=1 binder=android.os.BinderProxy@49fbab58}
D/WifiService( 1406): releaseWifiLockLocked: WifiLock{AndroidConnectionManager type=1 binder=android.os.BinderProxy@49fbab58}
D/WifiService( 1406): acquireWifiLockLocked: WifiLock{AndroidConnectionManager type=1 binder=android.os.BinderProxy@49fbab58}
D/WifiService( 1406): releaseWifiLockLocked: WifiLock{AndroidConnectionManager type=1 binder=android.os.BinderProxy@49fbab58}
D/WifiService( 1406): acquireWifiLockLocked: WifiLock{AndroidConnectionManager type=1 binder=android.os.BinderProxy@4a3b8378}
I/ActivityManager( 1406): No longer want com.lge.omadmclient:remote (pid 23728): hidden #26
W/ActivityManager( 1406): Scheduling restart of crashed service com.lge.omadmclient/.DmclientService in 5000ms
I/ActivityManager( 1406): Start proc com.lge.omadmclient:remote for service com.lge.omadmclient/.DmclientService: pid=25867 uid=10052 gids={3003, 1015, 2001}
W/ActivityManager( 1406): Unable to launch app org.wahtod.wififixer/10084 for service Intent { cmp=org.wahtod.wififixer/.WifiFixerService }: process is bad
I/ActivityManager( 1406): No longer want com.google.android.apps.maps:FriendService (pid 21298): hidden #26
I/ActivityManager( 1406): No longer want com.keramidas.TitaniumBackup (pid 21266): hidden #26
I/ActivityManager( 1406): No longer want com.google.android.googlequicksearchbox (pid 21308): hidden #26
W/ActivityManager( 1406): Unable to launch app org.wahtod.wififixer/10084 for service Intent { cmp=org.wahtod.wififixer/.WifiFixerService }: process is bad
D/WifiService( 1406): BroadcastReceiver : android.intent.action.BATTERY_CHANGED
D/WifiService( 1406): ACTION_BATTERY_CHANGED pluggedType: 0
I/ActivityManager( 1406): No longer want nl.sogeti.android.gpstracker (pid 24026): hidden #26
W/ActivityManager( 1406): Scheduling restart of crashed service nl.sogeti.android.gpstracker/.logger.GPSLoggerService in 5000ms
I/ActivityManager( 1406): Start proc nl.sogeti.android.gpstracker for service nl.sogeti.android.gpstracker/.logger.GPSLoggerService: pid=26038 uid=10036 gids={3003, 1015}
W/ActivityManager( 1406): Unable to launch app org.wahtod.wififixer/10084 for service Intent { cmp=org.wahtod.wififixer/.WifiFixerService }: process is bad
D/WifiService( 1406): releaseWifiLockLocked: WifiLock{AndroidConnectionManager type=1 binder=android.os.BinderProxy@4a3b8378}
D/ConnectivityService( 1406): ConnectivityChange for WIFI: DISCONNECTED/DISCONNECTED
D/ConnectivityService( 1406): getMobileDataEnabled returning false
D/ConnectivityService( 1406): not failing over to mobile type 0 because Mobile Data Disabled
D/ConnectivityService( 1406): not failing over to mobile type 2 because Mobile Data Disabled
D/ConnectivityService( 1406): not failing over to mobile type 3 because Mobile Data Disabled
D/ConnectivityService( 1406): not failing over to mobile type 4 because Mobile Data Disabled
D/ConnectivityService( 1406): not failing over to mobile type 5 because Mobile Data Disabled
V/WifiWatchdogService( 1406): (android.server.ServerThread) unregisterForWifiBroadcasts
W/ActivityManager( 1406): Unable to launch app org.wahtod.wififixer/10084 for service Intent { cmp=org.wahtod.wififixer/.WifiFixerService }: process is bad
W/InputManagerService( 1406): Window already focused, ignoring focus gain of: com.android.internal.view.IInputMethodClient$Stub$Proxy@4a1e7b68
D/WifiService( 1406): setWifiEnabledBlocking : Country code is US
D/WifiService( 1406): BroadcastReceiver : android.intent.action.BATTERY_CHANGED
D/WifiService( 1406): ACTION_BATTERY_CHANGED pluggedType: 0
V/WifiWatchdogService( 1406): (WifiService) isWatchdogEnabled: enabled wifi_watchdog_on
V/WifiWatchdogService( 1406): (WifiService) registerForWifiBroadcasts
W/InputManagerService( 1406): Window already focused, ignoring focus gain of: com.android.internal.view.IInputMethodClient$Stub$Proxy@4a271010
D/ConnectivityService( 1406): Dropping ConnectivityChange for WIFI: DISCONNECTED/SCANNING
D/ConnectivityService( 1406): ConnectivityChange for WIFI: CONNECTING/CONNECTING
D/ConnectivityService( 1406): Dropping ConnectivityChange for WIFI: CONNECTING/AUTHENTICATING
D/ConnectivityService( 1406): Dropping ConnectivityChange for WIFI: CONNECTING/OBTAINING_IPADDR
D/ConnectivityService( 1406): ConnectivityChange for WIFI: CONNECTED/CONNECTED
D/WifiWatchdogService( 1406): (android.server.ServerThread) 2WIRE547 (00:18:3f:85:d4:51) does not require the watchdog
D/ConnectivityService( 1406): adding dns 192.168.0.1 for WIFI
D/ConnectivityService( 1406): ignoring stopUsingNetworkFeature - not a live request
D/WifiService( 1406): BroadcastReceiver : android.intent.action.BATTERY_CHANGED
D/WifiService( 1406): ACTION_BATTERY_CHANGED pluggedType: 0
D/WifiService( 1406): acquireWifiLockLocked: WifiLock{Tunesviewer Download type=1 binder=android.os.BinderProxy@4a1cdaf0}
D/WifiService( 1406): releaseWifiLockLocked: WifiLock{Tunesviewer Download type=1 binder=android.os.BinderProxy@4a1cdaf0}
W/InputManagerService( 1406): Window already focused, ignoring focus gain of: com.android.internal.view.IInputMethodClient$Stub$Proxy@4a407910
--------- beginning of /dev/log/main
V/http    (23928): 133155299 http2 ConnectionThread: new request https://metrics.mzstatic.com:443 /WebObjects/MZUserXP.woa/wa/recordStats?eventType=ITSOmniture
V/http    (23928): 133155299 http2 SEND pipe 0
V/http    (23928): 133155310 http1 Connection.openHttpConnection() 75 http://metrics.apple.com:80
V/webkit  (23928): LoadListener.certificate: null
V/http    (23928): 133155311 http1 Request.sendRequest() http://metrics.apple.com
V/http    (23928): 133155311 http1 Request.requestSent() http://metrics.apple.com/b/ss/applesuperglobal/1/H.20.3/s08764030227903?AQB=1&ndh=1&t=29%2F7%2F2012%200%3A7%3A36%203%20420&ce=UTF-8&cl=15778463&pageName=iTunesU-US-The%20Open%20University-Living%20without%20oil%20-%20for%20iPod%2FiPhone-555633265&g=http%3A%2F%2Fitunes.apple.com%2FWebObjects%2FDZR.woa%2Fwa%2FviewPodcast%3Fcc%3Dus%26i%3D119731119%26mt%3D2%26id%3D555633265&ch=iTunesU&h5=appleitmsna%2Cappleitmsus&c12=iTunes%2F10.6.1%20AppleWebKit%2F533.1%20(KHTML%2C%20like%20Gecko)%20Version%2F4.0%20Mobile%20Safari%2F533.1&v12=iTunes%2F10.6.1%20AppleWebKit%2F533.1%20(KHTML%2C%20like%20Gecko)%20Version%2F4.0%20Mobile%20Safari%2F533.1&c22=HTML&v22=HTML&s=314x430&c=16&v=N&k=Y&bw=314&bh=430&AQE=1&sfcustom=1
V/http    (23928): 133155311 http1 READ pipe 1
V/http    (23928): 133155312 http1 processRequests() reading /b/ss/applesuperglobal/1/H.20.3/s08764030227903?AQB=1&ndh=1&t=29%2F7%2F2012%200%3A7%3A36%203%20420&ce=UTF-8&cl=15778463&pageName=iTunesU-US-The%20Open%20University-Living%20without%20oil%20-%20for%20iPod%2FiPhone-555633265&g=http%3A%2F%2Fitunes.apple.com%2FWebObjects%2FDZR.woa%2Fwa%2FviewPodcast%3Fcc%3Dus%26i%3D119731119%26mt%3D2%26id%3D555633265&ch=iTunesU&h5=appleitmsna%2Cappleitmsus&c12=iTunes%2F10.6.1%20AppleWebKit%2F533.1%20(KHTML%2C%20like%20Gecko)%20Version%2F4.0%20Mobile%20Safari%2F533.1&v12=iTunes%2F10.6.1%20AppleWebKit%2F533.1%20(KHTML%2C%20like%20Gecko)%20Version%2F4.0%20Mobile%20Safari%2F533.1&c22=HTML&v22=HTML&s=314x430&c=16&v=N&k=Y&bw=314&bh=430&AQE=1&sfcustom=1
V/webkit  (23928): LoadListener.attachRequestHandle(): requestHandle: android.net.http.RequestHandle@49e311a0
V/webcore (23928): UPDATE_FRAME_CACHE_IF_LOADING arg1=0 arg2=0 obj=null
V/webcore (23928): TOUCH_EVENT arg1=0 arg2=0 obj=android.webkit.WebViewCore$TouchEventData@49e0b6a0
V/webview (23928): MotionEvent{49fd0698 action=2 x=167.47499 y=244.3854 pressure=1.0 size=0.0} at 133155341 mTouchMode=1
V/webcore (23928): TOUCH_EVENT arg1=0 arg2=0 obj=android.webkit.WebViewCore$TouchEventData@49e5c060
V/http    (23928): 133155359 http0 Connection.openHttpConnection() 359 https://metrics.mzstatic.com:443
V/webkit  (23928): LoadListener.certificate: Issued to: CN=*.mzstatic.com,ST=CALIFORNIA,OU=iTunes,O=Apple Inc.,L=Cupertino,C=US;
V/webkit  (23928): Issued by: CN=Akamai Subordinate CA 3,O=Akamai Technologies Inc,C=US;
V/http    (23928): 133155359 http0 Request.sendRequest() https://metrics.mzstatic.com
V/http    (23928): 133155377 http0 Request.requestSent() https://metrics.mzstatic.com/WebObjects/MZUserXP.woa/wa/recordStats?eventType=ITSLoadTimes
V/http    (23928): 133155377 http0 READ pipe 1
V/http    (23928): 133155377 http0 processRequests() reading /WebObjects/MZUserXP.woa/wa/recordStats?eventType=ITSLoadTimes
V/webview (23928): PREVENT_TOUCH_ID
V/webview (23928): MotionEvent{49fd0698 action=2 x=140.55937 y=230.41458 pressure=1.0 size=0.0} at 133155382 mTouchMode=1
V/http    (23928): 133155405 http1 read: HTTP/1.1 200 OK
V/http    (23928): 133155405 http1 hdr 35 date: Wed, 29 Aug 2012 07:07:37 GMT
V/http    (23928): 133155405 http1 hdr 25 server: Omniture DC/2.0.0
V/http    (23928): 133155406 http1 hdr 30 access-control-allow-origin: *
V/http    (23928): 133155406 http1 hdr 127 set-cookie: s_vi=[CS]v1|2803090A8516136A-600001A46000C9A1[CE]; Expires=Wed, 27 Feb 2013 22:02:00 GMT; Domain=.apple.com; Path=/
V/http    (23928): 133155406 http1 hdr 13 x-c: ms-4.4.7
V/http    (23928): 133155406 http1 hdr 38 expires: Tue, 28 Aug 2012 07:07:37 GMT
V/http    (23928): 133155406 http1 hdr 44 last-modified: Thu, 30 Aug 2012 07:07:37 GMT
V/http    (23928): 133155407 http1 hdr 67 cache-control: no-cache, no-store, max-age=0, no-transform, private
V/http    (23928): 133155407 http1 hdr 16 pragma: no-cache
V/http    (23928): 133155407 http1 hdr 30 etag: "503DBFB9-51B1-42C43A39"
V/http    (23928): 133155407 http1 hdr 7 vary: *
V/webcore (23928): TOUCH_EVENT arg1=0 arg2=0 obj=android.webkit.WebViewCore$TouchEventData@4a223240
V/http    (23928): 133155419 http1 hdr 75 p3p: policyref="/w3c/p3p.xml", CP="NOI DSP COR NID PSA OUR IND COM NAV STA"
V/http    (23928): 133155419 http1 hdr 14 xserver: www44
V/http    (23928): 133155422 http1 hdr 18 content-length: 43
V/http    (23928): 133155422 http1 hdr 23 content-type: image/gif
V/http    (23928): 133155422 http1 Request.readResponseStatus() 15 HTTP/1.1 200 OK
V/webkit  (23928): LoadListener: from: http://metrics.apple.com/b/ss/applesuperglobal/1/H.20.3/s08764030227903?AQB=1&ndh=1&t=29%2F7%2F2012%200%3A7%3A36%203%20420&ce=UTF-8&cl=15778463&pageName=iTunesU-US-The%20Open%20University-Living%20without%20oil%20-%20for%20iPod%2FiPhone-555633265&g=http%3A%2F%2Fitunes.apple.com%2FWebObjects%2FDZR.woa%2Fwa%2FviewPodcast%3Fcc%3Dus%26i%3D119731119%26mt%3D2%26id%3D555633265&ch=iTunesU&h5=appleitmsna%2Cappleitmsus&c12=iTunes%2F10.6.1%20AppleWebKit%2F533.1%20(KHTML%2C%20like%20Gecko)%20Version%2F4.0%20Mobile%20Safari%2F533.1&v12=iTunes%2F10.6.1%20AppleWebKit%2F533.1%20(KHTML%2C%20like%20Gecko)%20Version%2F4.0%20Mobile%20Safari%2F533.1&c22=HTML&v22=HTML&s=314x430&c=16&v=N&k=Y&bw=314&bh=430&AQE=1&sfcustom=1 major: 1 minor: 1 code: 200 reason: OK
V/webkit  (23928): LoadListener.headers
V/webkit  (23928): setCookie: uri: http://metrics.apple.com/b/ss/applesuperglobal/1/H.20.3/s08764030227903?AQB=1&ndh=1&t=29%2F7%2F2012%200%3A7%3A36%203%20420&ce=UTF-8&cl=15778463&pageName=iTunesU-US-The%20Open%20University-Living%20without%20oil%20-%20for%20iPod%2FiPhone-555633265&g=http%3A%2F%2Fitunes.apple.com%2FWebObjects%2FDZR.woa%2Fwa%2FviewPodcast%3Fcc%3Dus%26i%3D119731119%26mt%3D2%26id%3D555633265&ch=iTunesU&h5=appleitmsna%2Cappleitmsus&c12=iTunes%2F10.6.1%20AppleWebKit%2F533.1%20(KHTML%2C%20like%20Gecko)%20Version%2F4.0%20Mobile%20Safari%2F533.1&v12=iTunes%2F10.6.1%20AppleWebKit%2F533.1%20(KHTML%2C%20like%20Gecko)%20Version%2F4.0%20Mobile%20Safari%2F533.1&c22=HTML&v22=HTML&s=314x430&c=16&v=N&k=Y&bw=314&bh=430&AQE=1&sfcustom=1 value: s_vi=[CS]v1|2803090A8516136A-600001A46000C9A1[CE]; Expires=Wed, 27 Feb 2013 22:02:00 GMT; Domain=.apple.com; Path=/
V/webview (23928): PREVENT_TOUCH_ID
V/webview (23928): MotionEvent{49fd0698 action=2 x=118.62812 y=221.43332 pressure=1.0 size=0.0} at 133155421 mTouchMode=1
V/http    (23928): 133155437 http1 Request.readResponse() 43
V/webkit  (23928): LoadListener.data(): url: http://metrics.apple.com/b/ss/applesuperglobal/1/H.20.3/s08764030227903?AQB=1&ndh=1&t=29%2F7%2F2012%200%3A7%3A36%203%20420&ce=UTF-8&cl=15778463&pageName=iTunesU-US-The%20Open%20University-Living%20without%20oil%20-%20for%20iPod%2FiPhone-555633265&g=http%3A%2F%2Fitunes.apple.com%2FWebObjects%2FDZR.woa%2Fwa%2FviewPodcast%3Fcc%3Dus%26i%3D119731119%26mt%3D2%26id%3D555633265&ch=iTunesU&h5=appleitmsna%2Cappleitmsus&c12=iTunes%2F10.6.1%20AppleWebKit%2F533.1%20(KHTML%2C%20like%20Gecko)%20Version%2F4.0%20Mobile%20Safari%2F533.1&v12=iTunes%2F10.6.1%20AppleWebKit%2F533.1%20(KHTML%2C%20like%20Gecko)%20Version%2F4.0%20Mobile%20Safari%2F533.1&c22=HTML&v22=HTML&s=314x430&c=16&v=N&k=Y&bw=314&bh=430&AQE=1&sfcustom=1
V/webkit  (23928): LoadListener.endData(): url: http://metrics.apple.com/b/ss/applesuperglobal/1/H.20.3/s08764030227903?AQB=1&ndh=1&t=29%2F7%2F2012%200%3A7%3A36%203%20420&ce=UTF-8&cl=15778463&pageName=iTunesU-US-The%20Open%20University-Living%20without%20oil%20-%20for%20iPod%2FiPhone-555633265&g=http%3A%2F%2Fitunes.apple.com%2FWebObjects%2FDZR.woa%2Fwa%2FviewPodcast%3Fcc%3Dus%26i%3D119731119%26mt%3D2%26id%3D555633265&ch=iTunesU&h5=appleitmsna%2Cappleitmsus&c12=iTunes%2F10.6.1%20AppleWebKit%2F533.1%20(KHTML%2C%20like%20Gecko)%20Version%2F4.0%20Mobile%20Safari%2F533.1&v12=iTunes%2F10.6.1%20AppleWebKit%2F533.1%20(KHTML%2C%20like%20Gecko)%20Version%2F4.0%20Mobile%20Safari%2F533.1&c22=HTML&v22=HTML&s=314x430&c=16&v=N&k=Y&bw=314&bh=430&AQE=1&sfcustom=1
V/http    (23928): 133155458 http1 Request.readResponse(): done http://metrics.apple.com/b/ss/applesuperglobal/1/H.20.3/s08764030227903?AQB=1&ndh=1&t=29%2F7%2F2012%200%3A7%3A36%203%20420&ce=UTF-8&cl=15778463&pageName=iTunesU-US-The%20Open%20University-Living%20without%20oil%20-%20for%20iPod%2FiPhone-555633265&g=http%3A%2F%2Fitunes.apple.com%2FWebObjects%2FDZR.woa%2Fwa%2FviewPodcast%3Fcc%3Dus%26i%3D119731119%26mt%3D2%26id%3D555633265&ch=iTunesU&h5=appleitmsna%2Cappleitmsus&c12=iTunes%2F10.6.1%20AppleWebKit%2F533.1%20(KHTML%2C%20like%20Gecko)%20Version%2F4.0%20Mobile%20Safari%2F533.1&v12=iTunes%2F10.6.1%20AppleWebKit%2F533.1%20(KHTML%2C%20like%20Gecko)%20Version%2F4.0%20Mobile%20Safari%2F533.1&c22=HTML&v22=HTML&s=314x430&c=16&v=N&k=Y&bw=314&bh=430&AQE=1&sfcustom=1
V/http    (23928): 133155458 http1 READ pipe 0
V/http    (23928): 133155458 http1 IdleCache size 1 host http://metrics.apple.com:80
V/http    (23928): 133155458 http1 RequestQueue.getRequest() => null
V/http    (23928): 133155458 http1 ConnectionThread: Waiting for work
V/webkit  (23928): LoadListener.parseContentTypeHeader: contentType: image/gif
V/webkit  (23928): LoadListener.detachRequestHandle(): requestHandle: android.net.http.RequestHandle@49ddf938
V/webview (23928): MotionEvent{4a063cb0 action=2 x=110.65313 y=217.44168 pressure=1.0 size=0.0} at 133155431 mTouchMode=3
V/webcore (23928): SET_SCROLL_OFFSET arg1=0 arg2=0 obj=Point(557, 19)
V/webview (23928): PREVENT_TOUCH_ID
V/http    (23928): 133155545 http0 read: HTTP/1.1 204 No Content
V/http    (23928): 133155545 http0 hdr 52 access-control-allow-origin: http://itunes.apple.com
V/http    (23928): 133155546 http0 hdr 24 x-apple-timing-app: 1 ms
V/http    (23928): 133155546 http0 hdr 34 x-apple-application-instance: 1102
V/http    (23928): 133155546 http0 hdr 30 x-apple-application-site: ST11
V/http    (23928): 133155546 http0 hdr 27 x-webobjects-loadaverage: 0
V/http    (23928): 133155547 http0 hdr 17 content-length: 0
V/http    (23928): 133155547 http0 hdr 38 expires: Wed, 29 Aug 2012 07:07:38 GMT
V/http    (23928): 133155547 http0 hdr 44 cache-control: max-age=0, no-cache, no-store
V/http    (23928): 133155547 http0 hdr 16 pragma: no-cache
V/http    (23928): 133155547 http0 hdr 35 date: Wed, 29 Aug 2012 07:07:38 GMT
V/http    (23928): 133155547 http0 hdr 22 connection: keep-alive
V/http    (23928): 133155548 http0 Request.readResponseStatus() 23 HTTP/1.1 204 No Content
V/webkit  (23928): LoadListener: from: https://metrics.mzstatic.com/WebObjects/MZUserXP.woa/wa/recordStats?eventType=ITSLoadTimes major: 1 minor: 1 code: 204 reason: No Content
V/webkit  (23928): LoadListener.headers
V/webkit  (23928): guessMimeTypeFromExtension: url = https://metrics.mzstatic.com/WebObjects/MZUserXP.woa/wa/recordStats?eventType=ITSLoadTimes
V/webkit  (23928): LoadListener.endData(): url: https://metrics.mzstatic.com/WebObjects/MZUserXP.woa/wa/recordStats?eventType=ITSLoadTimes
V/http    (23928): 133155559 http0 Request.readResponse(): done https://metrics.mzstatic.com/WebObjects/MZUserXP.woa/wa/recordStats?eventType=ITSLoadTimes
V/http    (23928): 133155559 http0 READ pipe 0
V/http    (23928): 133155559 http0 IdleCache size 2 host https://metrics.mzstatic.com:443
V/http    (23928): 133155559 http0 RequestQueue.getRequest() => null
V/http    (23928): 133155559 http0 ConnectionThread: Waiting for work
V/webkit  (23928): LoadListener.detachRequestHandle(): requestHandle: android.net.http.RequestHandle@4a21e9f0
V/http    (23928): 133155573 http2 Connection.openHttpConnection() 274 https://metrics.mzstatic.com:443
V/webkit  (23928): LoadListener.certificate: Issued to: CN=*.mzstatic.com,ST=CALIFORNIA,OU=iTunes,O=Apple Inc.,L=Cupertino,C=US;
V/webkit  (23928): Issued by: CN=Akamai Subordinate CA 3,O=Akamai Technologies Inc,C=US;
V/http    (23928): 133155575 http2 Request.sendRequest() https://metrics.mzstatic.com
V/webview (23928): MotionEvent{49fd0698 action=1 x=110.65313 y=217.44168 pressure=1.0 size=0.0} at 133155452 mTouchMode=3
V/webcore (23928): TOUCH_EVENT arg1=0 arg2=0 obj=android.webkit.WebViewCore$TouchEventData@49f9f298
V/webview (23928): doFling start last=192.0 current=-253.6997 vx=-460 vy=0 maxX=650 maxY=710 mScrollX=557 mScrollY=19
V/webview (23928): PREVENT_DEFAULT_TIMEOUT
V/webview (23928): PREVENT_DEFAULT_TIMEOUT
V/http    (23928): 133155587 http2 Request.requestSent() https://metrics.mzstatic.com/WebObjects/MZUserXP.woa/wa/recordStats?eventType=ITSOmniture
V/http    (23928): 133155587 http2 READ pipe 1
V/http    (23928): 133155587 http2 processRequests() reading /WebObjects/MZUserXP.woa/wa/recordStats?eventType=ITSOmniture
V/webcore (23928): SET_SCROLL_OFFSET arg1=0 arg2=0 obj=Point(562, 19)
V/webview (23928): PREVENT_TOUCH_ID
V/webcore (23928): SET_SCROLL_OFFSET arg1=0 arg2=0 obj=Point(576, 19)
V/webcore (23928): SET_SCROLL_OFFSET arg1=0 arg2=0 obj=Point(584, 19)
V/webcore (23928): SET_SCROLL_OFFSET arg1=0 arg2=0 obj=Point(593, 19)
V/webcore (23928): SET_SCROLL_OFFSET arg1=0 arg2=0 obj=Point(602, 19)
V/webcore (23928): SET_SCROLL_OFFSET arg1=0 arg2=0 obj=Point(610, 19)
V/webcore (23928): SET_SCROLL_OFFSET arg1=0 arg2=0 obj=Point(618, 19)
V/http    (23928): 133155763 http2 read: HTTP/1.1 204 No Content
V/http    (23928): 133155763 http2 hdr 52 access-control-allow-origin: http://itunes.apple.com
V/http    (23928): 133155764 http2 hdr 24 x-apple-timing-app: 1 ms
V/http    (23928): 133155764 http2 hdr 34 x-apple-application-instance: 1140
V/http    (23928): 133155764 http2 hdr 30 x-apple-application-site: ST11
V/http    (23928): 133155764 http2 hdr 27 x-webobjects-loadaverage: 0
V/http    (23928): 133155764 http2 hdr 17 content-length: 0
V/http    (23928): 133155765 http2 hdr 38 expires: Wed, 29 Aug 2012 07:07:38 GMT
V/http    (23928): 133155765 http2 hdr 44 cache-control: max-age=0, no-cache, no-store
V/http    (23928): 133155765 http2 hdr 16 pragma: no-cache
V/http    (23928): 133155765 http2 hdr 35 date: Wed, 29 Aug 2012 07:07:38 GMT
V/http    (23928): 133155765 http2 hdr 22 connection: keep-alive
V/http    (23928): 133155766 http2 Request.readResponseStatus() 23 HTTP/1.1 204 No Content
V/webkit  (23928): LoadListener: from: https://metrics.mzstatic.com/WebObjects/MZUserXP.woa/wa/recordStats?eventType=ITSOmniture major: 1 minor: 1 code: 204 reason: No Content
V/webkit  (23928): LoadListener.headers
V/webkit  (23928): guessMimeTypeFromExtension: url = https://metrics.mzstatic.com/WebObjects/MZUserXP.woa/wa/recordStats?eventType=ITSOmniture
V/webkit  (23928): LoadListener.endData(): url: https://metrics.mzstatic.com/WebObjects/MZUserXP.woa/wa/recordStats?eventType=ITSOmniture
V/http    (23928): 133155772 http2 Request.readResponse(): done https://metrics.mzstatic.com/WebObjects/MZUserXP.woa/wa/recordStats?eventType=ITSOmniture
V/http    (23928): 133155774 http2 READ pipe 0
V/http    (23928): 133155774 http2 IdleCache size 3 host https://metrics.mzstatic.com:443
V/http    (23928): 133155774 http2 RequestQueue.getRequest() => null
V/http    (23928): 133155774 http2 ConnectionThread: Waiting for work
V/webkit  (23928): LoadListener.detachRequestHandle(): requestHandle: android.net.http.RequestHandle@49e311a0
V/webcore (23928): SET_SCROLL_OFFSET arg1=0 arg2=0 obj=Point(628, 19)
V/webcore (23928): SET_SCROLL_OFFSET arg1=0 arg2=0 obj=Point(635, 19)
V/webcore (23928): SET_SCROLL_OFFSET arg1=0 arg2=0 obj=Point(641, 19)
V/webcore (23928): SET_SCROLL_OFFSET arg1=0 arg2=0 obj=Point(646, 19)
V/webcore (23928): SET_SCROLL_OFFSET arg1=0 arg2=0 obj=Point(650, 19)
V/webview (23928): RESUME_WEBCORE_PRIORITY
V/webview (23928): MotionEvent{49fd0698 action=0 x=137.56876 y=321.22498 pressure=1.0 size=0.0} at 133156454 mTouchMode=3
V/webview (23928): nativeFocusIsPlugin()=false
V/webview (23928): nativeFocusNodeBounds()=(0, 0, 0, 0)
V/webcore (23928): UPDATE_FRAME_CACHE_IF_LOADING arg1=0 arg2=0 obj=null
V/webcore (23928): TOUCH_EVENT arg1=0 arg2=0 obj=android.webkit.WebViewCore$TouchEventData@49ff5558
V/webview (23928): MotionEvent{49fd0698 action=2 x=137.56876 y=321.22498 pressure=1.0 size=0.0} at 133156461 mTouchMode=1
V/webview (23928): PREVENT_TOUCH_ID
V/webview (23928): MotionEvent{49fd0698 action=2 x=137.56876 y=321.22498 pressure=1.0 size=0.0} at 133156481 mTouchMode=1
V/webview (23928): MotionEvent{49fd0698 action=2 x=134.57813 y=314.2396 pressure=1.0 size=0.0} at 133156511 mTouchMode=1
V/webview (23928): MotionEvent{49fd0698 action=2 x=128.59688 y=289.29166 pressure=1.0 size=0.0} at 133156541 mTouchMode=1
V/webcore (23928): TOUCH_EVENT arg1=0 arg2=0 obj=android.webkit.WebViewCore$TouchEventData@4a211d70
V/webview (23928): PREVENT_TOUCH_ID
V/webview (23928): MotionEvent{49fd0698 action=2 x=122.61562 y=256.3604 pressure=1.0 size=0.0} at 133156571 mTouchMode=1
V/webview (23928): MotionEvent{49fd0698 action=2 x=120.62188 y=238.39792 pressure=1.0 size=0.0} at 133156601 mTouchMode=3
V/webcore (23928): TOUCH_EVENT arg1=0 arg2=0 obj=android.webkit.WebViewCore$TouchEventData@49dd6b00
V/webcore (23928): SET_SCROLL_OFFSET arg1=0 arg2=0 obj=Point(650, 36)
V/webview (23928): MotionEvent{49fd0698 action=2 x=123.612495 y=208.46042 pressure=1.0 size=0.0} at 133156651 mTouchMode=3
V/webcore (23928): SET_SCROLL_OFFSET arg1=0 arg2=0 obj=Point(650, 65)
V/webview (23928): PREVENT_TOUCH_ID
V/webview (23928): PREVENT_DEFAULT_TIMEOUT
V/webview (23928): MotionEvent{49fd0698 action=1 x=123.612495 y=208.46042 pressure=1.0 size=0.0} at 133156671 mTouchMode=3
V/webcore (23928): TOUCH_EVENT arg1=0 arg2=0 obj=android.webkit.WebViewCore$TouchEventData@4a06b490
V/webview (23928): doFling start last=460.0 current=-54.73224 vx=0 vy=-462 maxX=650 maxY=710 mScrollX=650 mScrollY=65
V/webcore (23928): SET_SCROLL_OFFSET arg1=0 arg2=0 obj=Point(650, 66)
V/webview (23928): PREVENT_TOUCH_ID
V/webcore (23928): SET_SCROLL_OFFSET arg1=0 arg2=0 obj=Point(650, 81)
V/webview (23928): PREVENT_DEFAULT_TIMEOUT
V/webcore (23928): SET_SCROLL_OFFSET arg1=0 arg2=0 obj=Point(650, 95)
V/webcore (23928): SET_SCROLL_OFFSET arg1=0 arg2=0 obj=Point(650, 108)
V/webcore (23928): SET_SCROLL_OFFSET arg1=0 arg2=0 obj=Point(650, 120)
V/webcore (23928): SET_SCROLL_OFFSET arg1=0 arg2=0 obj=Point(650, 132)
V/webcore (23928): SET_SCROLL_OFFSET arg1=0 arg2=0 obj=Point(650, 142)
V/webcore (23928): SET_SCROLL_OFFSET arg1=0 arg2=0 obj=Point(650, 152)
V/webcore (23928): SET_SCROLL_OFFSET arg1=0 arg2=0 obj=Point(650, 161)
V/webcore (23928): SET_SCROLL_OFFSET arg1=0 arg2=0 obj=Point(650, 168)
V/webcore (23928): SET_SCROLL_OFFSET arg1=0 arg2=0 obj=Point(650, 173)
V/webcore (23928): SET_SCROLL_OFFSET arg1=0 arg2=0 obj=Point(650, 178)
V/webcore (23928): SET_SCROLL_OFFSET arg1=0 arg2=0 obj=Point(650, 180)
V/webview (23928): RESUME_WEBCORE_PRIORITY
W/ActivityManager( 1406): Unable to launch app org.wahtod.wififixer/10084 for service Intent { cmp=org.wahtod.wififixer/.WifiFixerService }: process is bad
V/webview (23928): MotionEvent{49fd0698 action=0 x=251.21251 y=289.29166 pressure=1.0 size=0.0} at 133159224 mTouchMode=3
V/webview (23928): nativeFocusIsPlugin()=false
V/webview (23928): nativeFocusNodeBounds()=(0, 0, 0, 0)
V/webcore (23928): UPDATE_FRAME_CACHE_IF_LOADING arg1=0 arg2=0 obj=null
V/webcore (23928): TOUCH_EVENT arg1=0 arg2=0 obj=android.webkit.WebViewCore$TouchEventData@4a2199a8
V/webview (23928): PREVENT_TOUCH_ID
V/webview (23928): MotionEvent{49fd0698 action=2 x=251.21251 y=289.29166 pressure=1.0 size=0.0} at 133159231 mTouchMode=1
V/webview (23928): MotionEvent{49fd0698 action=2 x=251.21251 y=289.29166 pressure=1.0 size=0.0} at 133159251 mTouchMode=1
V/webview (23928): MotionEvent{49fd0698 action=2 x=251.21251 y=289.29166 pressure=1.0 size=0.0} at 133159281 mTouchMode=1
V/webview (23928): MotionEvent{49fd0698 action=2 x=251.21251 y=289.29166 pressure=1.0 size=0.0} at 133159311 mTouchMode=1
V/webview (23928): MotionEvent{49fd0698 action=2 x=251.21251 y=289.29166 pressure=1.0 size=0.0} at 133159341 mTouchMode=1
V/webview (23928): MotionEvent{49fd0698 action=2 x=251.21251 y=289.29166 pressure=1.0 size=0.0} at 133159371 mTouchMode=1
V/webview (23928): MotionEvent{49fd0698 action=2 x=251.21251 y=289.29166 pressure=1.0 size=0.0} at 133159391 mTouchMode=1
V/webview (23928): SWITCH_TO_SHORTPRESS
V/webcore (23928): SET_MOVE_MOUSE_IF_LATEST arg1=0 arg2=0 obj=android.webkit.WebViewCore$CursorData@4a241330
V/webview (23928): MotionEvent{4a063cb0 action=2 x=251.21251 y=289.29166 pressure=1.0 size=0.0} at 133159403 mTouchMode=4
V/webview (23928): MotionEvent{49fd0698 action=1 x=251.21251 y=289.29166 pressure=1.0 size=0.0} at 133159423 mTouchMode=4
V/webview (23928): PREVENT_DEFAULT_TIMEOUT
V/webcore (23928): VALID_NODE_BOUNDS arg1=0 arg2=0 obj=android.webkit.WebViewCore$MotionUpData@4a01a928
V/webview (23928): DO_MOTION_UP
V/webcore (23928): WEBKIT_DRAW arg1=0 arg2=0 obj=null
V/webcore (23928): webkitDraw start
D/skia    (23928): purging 194K from font cache [24 entries]
D/skia    (23928): xxxxxxxxxxxxxxxxxx clipToImageBuffer not implemented
D/skia    (23928): xxxxxxxxxxxxxxxxxx clipToImageBuffer not implemented
V/webcore (23928): webkitDraw NEW_PICTURE_MSG_ID
V/webview (23928): NEW_PICTURE_MSG_ID
V/webview (23928): NEW_PICTURE_MSG_ID {0,0,949,1750}
V/webcore (23928): TOUCH_EVENT arg1=0 arg2=0 obj=android.webkit.WebViewCore$TouchEventData@4a21af40
V/webcore (23928): TOUCH_UP arg1=0 arg2=0 obj=android.webkit.WebViewCore$TouchUpData@49e42358
E/webcoreglue(23928): *** Uncaught exception returned from Java call!
W/System.err(23928): java.lang.ArrayIndexOutOfBoundsException
W/System.err(23928): 	at android.webkit.WebView$InvokeListBox.<init>(WebView.java:7001)
W/System.err(23928): 	at android.webkit.WebView$InvokeListBox.<init>(WebView.java:6847)
W/System.err(23928): 	at android.webkit.WebView.requestListBox(WebView.java:7174)
W/System.err(23928): 	at android.webkit.WebViewCore.requestListBox(WebViewCore.java:2303)
W/System.err(23928): 	at android.webkit.WebViewCore.nativeTouchUp(Native Method)
W/System.err(23928): 	at android.webkit.WebViewCore.access$3300(WebViewCore.java:52)
W/System.err(23928): 	at android.webkit.WebViewCore$EventHub$1.handleMessage(WebViewCore.java:1152)
W/System.err(23928): 	at android.os.Handler.dispatchMessage(Handler.java:99)
W/System.err(23928): 	at android.os.Looper.loop(Looper.java:123)
W/System.err(23928): 	at android.webkit.WebViewCore$WebCoreThread.run(WebViewCore.java:623)
W/System.err(23928): 	at java.lang.Thread.run(Thread.java:1096)
W/dalvikvm(23928): threadid=8: thread exiting with uncaught exception (group=0x40020ac0)
E/AndroidRuntime(23928): FATAL EXCEPTION: WebViewCoreThread
E/AndroidRuntime(23928): java.lang.ArrayIndexOutOfBoundsException
E/AndroidRuntime(23928): 	at android.webkit.WebView$InvokeListBox.<init>(WebView.java:7001)
E/AndroidRuntime(23928): 	at android.webkit.WebView$InvokeListBox.<init>(WebView.java:6847)
E/AndroidRuntime(23928): 	at android.webkit.WebView.requestListBox(WebView.java:7174)
E/AndroidRuntime(23928): 	at android.webkit.WebViewCore.requestListBox(WebViewCore.java:2303)
E/AndroidRuntime(23928): 	at android.webkit.WebViewCore.nativeTouchUp(Native Method)
E/AndroidRuntime(23928): 	at android.webkit.WebViewCore.access$3300(WebViewCore.java:52)
E/AndroidRuntime(23928): 	at android.webkit.WebViewCore$EventHub$1.handleMessage(WebViewCore.java:1152)
E/AndroidRuntime(23928): 	at android.os.Handler.dispatchMessage(Handler.java:99)
E/AndroidRuntime(23928): 	at android.os.Looper.loop(Looper.java:123)
E/AndroidRuntime(23928): 	at android.webkit.WebViewCore$WebCoreThread.run(WebViewCore.java:623)
E/AndroidRuntime(23928): 	at java.lang.Thread.run(Thread.java:1096)
W/ActivityManager( 1406):   Force finishing activity com.tunes.viewer/.TunesViewerActivity
V/webview (23928): PREVENT_TOUCH_ID
E/KINETO  (30259): KLOG0C3- xmk_QueryOSQueue SDL Queue empty : WAIT_FOREVER 
E/KINETO  (30259): KLOG0A3- ibs_os_GetMsg: Timeout forever for UKCC qHnd 0x81bfd984
I/global  ( 1406): Default buffer size used in BufferedReader constructor. It would be better to be explicit if an 8k-char buffer is required.
I/dun_service( 1652): got usb online event 
I/dun_service( 1652):  ustate is DUN_USBSTATE_PLUG
I/dun_service( 1652): Post event 2
I/dun_service( 1652): received event: DUN_EVENT_USB_PLUG 
I/dun_service( 1652): received event(DUN_EVENT_USB_PLUG) in state(DUN_STATE_USB_UNPLUG)
I/dun_service( 1652): Successfully opened SMD port: f, ext port: 10
I/dun_service( 1652): Configured external host port in RAW mode
W/Vold    ( 1291): Ignoring unknown switch 'MSM72K_UDC'
I/dun_service( 1652): Moved to state(DUN_STATE_IDLE)
E/dun_service( 1652): LG_DATA: Dun Reply Functions [DUN_STATE_USB_UNPLUG --> DUN_STATE_IDLE][-1090528044]
D/bwx.qb  ( 3838): battery state: level=91, charging=true
D/bwx.qb  ( 3838): widgets updated
D/Tethering( 1406): sendTetherStateChangedBroadcast 1, 0, 0
D/Tethering( 1406): interfaceAdded :usb0
I/StorageNotification( 1406): UMS connection changed to true (media state mounted)
D/WifiService( 1406): BroadcastReceiver : android.intent.action.BATTERY_CHANGED
D/WifiService( 1406): ACTION_BATTERY_CHANGED pluggedType: 2
D/WifiService( 1406): ACTION_BATTERY_CHANGED : unplugged -> plugged
D/NotificationService( 1406): RemoveFirst
D/NotificationService( 1406): PLAY
D/NotificationService( 1406): Starting playback
I/dun_service( 1652): modem_bits0, prev_mdm_bits 0, init = 1,
I/dun_service( 1652): smdtoextctrl: ext port bits 0, smdoldstatus 0, init = 1
I/AudioService( 1406):  AudioFocus  requestAudioFocus() from android.media.AudioManager@49ceada8
W/AudioFlinger( 1298): write blocked for 282 msecs, 66 delayed writes, thread 0xbb68
I/dun_service( 1652): AT command buffering: detected char(65)
I/dun_service( 1652): AT command buffering: buffered (A)
E/dun_service( 1652): DUN at command to parse A
E/dun_service( 1652): DUNSTATE: DUN_ATCMD_INVALID
I/dun_service( 1652): AT command buffering: detected char(84)
I/dun_service( 1652): AT command buffering: buffered (AT)
E/dun_service( 1652): DUN at command to parse T
E/dun_service( 1652): DUNSTATE: DUN_ATCMD_INVALID
I/dun_service( 1652): modem_bits2, prev_mdm_bits 0, init = 0,
I/dun_service( 1652): AT command buffering: detected char(43)
I/dun_service( 1652): AT command buffering: buffered (AT+)
E/dun_service( 1652): DUN at command to parse +
E/dun_service( 1652): DUNSTATE: DUN_ATCMD_INVALID
I/dun_service( 1652): AT command buffering: detected char(71)
I/dun_service( 1652): AT command buffering: buffered (AT+G)
E/dun_service( 1652): DUN at command to parse G
E/dun_service( 1652): DUNSTATE: DUN_ATCMD_INVALID
I/dun_service( 1652): AT command buffering: detected char(67)
I/dun_service( 1652): AT command buffering: buffered (AT+GC)
E/dun_service( 1652): DUN at command to parse C
E/dun_service( 1652): DUNSTATE: DUN_ATCMD_INVALID
I/dun_service( 1652): AT command buffering: detected char(65)
I/dun_service( 1652): AT command buffering: buffered (AT+GCA)
E/dun_service( 1652): DUN at command to parse A
E/dun_service( 1652): DUNSTATE: DUN_ATCMD_INVALID
I/dun_service( 1652): AT command buffering: detected char(80)
I/dun_service( 1652): AT command buffering: buffered (AT+GCAP)
E/dun_service( 1652): DUN at command to parse P
E/dun_service( 1652): DUNSTATE: DUN_ATCMD_INVALID
I/dun_service( 1652): AT command buffering: detected char(13)
I/dun_service( 1652): AT command buffering: CR or LF detected(13)
E/dun_service( 1652): DUNSTATE: DUN_ATCMD_INVALID
E/dun_service( 1652): DUN at command to parse 
E/dun_service( 1652): DUNSTATE: DUN_ATCMD_INVALID
I/dun_service( 1652): modem_bits0, prev_mdm_bits 2, init = 0,
I/dun_service( 1652): Post event 6
I/dun_service( 1652): received event: DUN_EVENT_STOP 
I/dun_service( 1652): received event(DUN_EVENT_STOP) in state(DUN_STATE_IDLE)
I/dun_service( 1652): Ignoring the event DUN_EVENT_STOP in IDLE_STATE
I/dun_service( 1652): Moved to state(DUN_STATE_IDLE)
E/dun_service( 1652): LG_DATA: Dun Reply Functions [DUN_STATE_IDLE --> DUN_STATE_IDLE][-1090528044]
I/dun_service( 1652): AT command buffering: detected char(65)
I/dun_service( 1652): AT command buffering: buffered (A)
E/dun_service( 1652): DUN at command to parse A
E/dun_service( 1652): DUNSTATE: DUN_ATCMD_INVALID
I/dun_service( 1652): AT command buffering: detected char(84)
I/dun_service( 1652): AT command buffering: buffered (AT)
E/dun_service( 1652): DUN at command to parse T
E/dun_service( 1652): DUNSTATE: DUN_ATCMD_INVALID
I/dun_service( 1652): AT command buffering: detected char(69)
I/dun_service( 1652): AT command buffering: buffered (ATE)
E/dun_service( 1652): DUN at command to parse E
E/dun_service( 1652): DUNSTATE: DUN_ATCMD_INVALID
I/dun_service( 1652): AT command buffering: detected char(48)
I/dun_service( 1652): AT command buffering: buffered (ATE0)
E/dun_service( 1652): DUN at command to parse 0
E/dun_service( 1652): DUNSTATE: DUN_ATCMD_INVALID
I/dun_service( 1652): AT command buffering: detected char(13)
I/dun_service( 1652): AT command buffering: CR or LF detected(13)
E/dun_service( 1652): DUNSTATE: DUN_ATCMD_INVALID
E/dun_service( 1652): DUN at command to parse 
E/dun_service( 1652): DUNSTATE: DUN_ATCMD_INVALID
E/dun_service( 1652): DUN at command to parse AT+
E/dun_service( 1652): DUNSTATE: DUN_ATCMD_INVALID
I/dun_service( 1652): AT command buffering: detected char(71)
I/dun_service( 1652): AT command buffering: buffered (G)
E/dun_service( 1652): DUN at command to parse GT+
E/dun_service( 1652): DUNSTATE: DUN_ATCMD_INVALID
I/dun_service( 1652): AT command buffering: detected char(77)
I/dun_service( 1652): AT command buffering: buffered (GM)
E/dun_service( 1652): DUN at command to parse MT+
E/dun_service( 1652): DUNSTATE: DUN_ATCMD_INVALID
I/dun_service( 1652): AT command buffering: detected char(73)
I/dun_service( 1652): AT command buffering: buffered (GMI)
E/dun_service( 1652): DUN at command to parse IT+
E/dun_service( 1652): DUNSTATE: DUN_ATCMD_INVALID
I/dun_service( 1652): AT command buffering: detected char(13)
I/dun_service( 1652): AT command buffering: CR or LF detected(13)
E/dun_service( 1652): DUNSTATE: DUN_ATCMD_INVALID
E/dun_service( 1652): DUN at command to parse T+
E/dun_service( 1652): DUNSTATE: DUN_ATCMD_INVALID
I/dun_service( 1652): AT command buffering: detected char(65)
I/dun_service( 1652): AT command buffering: buffered (A)
E/dun_service( 1652): DUN at command to parse AT+
E/dun_service( 1652): DUNSTATE: DUN_ATCMD_INVALID
I/dun_service( 1652): AT command buffering: detected char(84)
I/dun_service( 1652): AT command buffering: buffered (AT)
E/dun_service( 1652): DUN at command to parse TT+
E/dun_service( 1652): DUNSTATE: DUN_ATCMD_INVALID
I/dun_service( 1652): AT command buffering: detected char(43)
I/dun_service( 1652): AT command buffering: buffered (AT+)
E/dun_service( 1652): DUN at command to parse +T+
E/dun_service( 1652): DUNSTATE: DUN_ATCMD_INVALID
I/dun_service( 1652): AT command buffering: detected char(71)
I/dun_service( 1652): AT command buffering: buffered (AT+G)
E/dun_service( 1652): DUN at command to parse GT+
E/dun_service( 1652): DUNSTATE: DUN_ATCMD_INVALID
I/dun_service( 1652): AT command buffering: detected char(77)
I/dun_service( 1652): AT command buffering: buffered (AT+GM)
E/dun_service( 1652): DUN at command to parse MT+
E/dun_service( 1652): DUNSTATE: DUN_ATCMD_INVALID
I/dun_service( 1652): AT command buffering: detected char(77)
I/dun_service( 1652): AT command buffering: buffered (AT+GMM)
E/dun_service( 1652): DUN at command to parse MT+
E/dun_service( 1652): DUNSTATE: DUN_ATCMD_INVALID
I/dun_service( 1652): AT command buffering: detected char(13)
I/dun_service( 1652): AT command buffering: CR or LF detected(13)
E/dun_service( 1652): DUNSTATE: DUN_ATCMD_INVALID
E/dun_service( 1652): DUN at command to parse T+
E/dun_service( 1652): DUNSTATE: DUN_ATCMD_INVALID
I/dun_service( 1652): AT command buffering: detected char(65)
I/dun_service( 1652): AT command buffering: buffered (A)
E/dun_service( 1652): DUN at command to parse AT+
E/dun_service( 1652): DUNSTATE: DUN_ATCMD_INVALID
I/dun_service( 1652): AT command buffering: detected char(84)
I/dun_service( 1652): AT command buffering: buffered (AT)
E/dun_service( 1652): DUN at command to parse TT+
E/dun_service( 1652): DUNSTATE: DUN_ATCMD_INVALID
E/dun_service( 1652): DUN at command to parse +GMR
E/dun_service( 1652): DUNSTATE: DUN_ATCMD_INVALID
I/dun_service( 1652): AT command buffering: detected char(13)
I/dun_service( 1652): AT command buffering: CR or LF detected(13)
E/dun_service( 1652): DUNSTATE: DUN_ATCMD_INVALID
E/dun_service( 1652): DUN at command to parse GMR
E/dun_service( 1652): DUNSTATE: DUN_ATCMD_INVALID
I/dun_service( 1652): AT command buffering: detected char(65)
I/dun_service( 1652): AT command buffering: buffered (A)
E/dun_service( 1652): DUN at command to parse AGMR
E/dun_service( 1652): DUNSTATE: DUN_ATCMD_INVALID
I/dun_service( 1652): AT command buffering: detected char(84)
I/dun_service( 1652): AT command buffering: buffered (AT)
E/dun_service( 1652): DUN at command to parse TGMR
E/dun_service( 1652): DUNSTATE: DUN_ATCMD_INVALID
I/dun_service( 1652): AT command buffering: detected char(43)
I/dun_service( 1652): AT command buffering: buffered (AT+)
E/dun_service( 1652): DUN at command to parse +GMR
E/dun_service( 1652): DUNSTATE: DUN_ATCMD_INVALID
I/dun_service( 1652): AT command buffering: detected char(67)
I/dun_service( 1652): AT command buffering: buffered (AT+C)
E/dun_service( 1652): DUN at command to parse CGMR
E/dun_service( 1652): DUNSTATE: DUN_ATCMD_INVALID
I/dun_service( 1652): AT command buffering: detected char(71)
I/dun_service( 1652): AT command buffering: buffered (AT+CG)
E/dun_service( 1652): DUN at command to parse GGMR
E/dun_service( 1652): DUNSTATE: DUN_ATCMD_INVALID
I/dun_service( 1652): AT command buffering: detected char(77)
I/dun_service( 1652): AT command buffering: buffered (AT+CGM)
E/dun_service( 1652): DUN at command to parse MGMR
E/dun_service( 1652): DUNSTATE: DUN_ATCMD_INVALID
I/dun_service( 1652): AT command buffering: detected char(73)
I/dun_service( 1652): AT command buffering: buffered (AT+CGMI)
E/dun_service( 1652): DUN at command to parse IGMR
E/dun_service( 1652): DUNSTATE: DUN_ATCMD_INVALID
I/dun_service( 1652): AT command buffering: detected char(13)
I/dun_service( 1652): AT command buffering: CR or LF detected(13)
E/dun_service( 1652): DUNSTATE: DUN_ATCMD_INVALID
E/dun_service( 1652): DUN at command to parse GMR
E/dun_service( 1652): DUNSTATE: DUN_ATCMD_INVALID
E/dun_service( 1652): DUN at command to parse ATMR
E/dun_service( 1652): DUNSTATE: DUN_ATCMD_INVALID
E/dun_service( 1652): DUN at command to parse +CMR
E/dun_service( 1652): DUNSTATE: DUN_ATCMD_INVALID
I/dun_service( 1652): AT command buffering: detected char(71)
I/dun_service( 1652): AT command buffering: buffered (G)
E/dun_service( 1652): DUN at command to parse GCMR
E/dun_service( 1652): DUNSTATE: DUN_ATCMD_INVALID
I/dun_service( 1652): AT command buffering: detected char(77)
I/dun_service( 1652): AT command buffering: buffered (GM)
E/dun_service( 1652): DUN at command to parse MCMR
E/dun_service( 1652): DUNSTATE: DUN_ATCMD_INVALID
I/dun_service( 1652): AT command buffering: detected char(77)
I/dun_service( 1652): AT command buffering: buffered (GMM)
E/dun_service( 1652): DUN at command to parse MCMR
E/dun_service( 1652): DUNSTATE: DUN_ATCMD_INVALID
I/dun_service( 1652): AT command buffering: detected char(13)
I/dun_service( 1652): AT command buffering: CR or LF detected(13)
E/dun_service( 1652): DUNSTATE: DUN_ATCMD_INVALID
E/dun_service( 1652): DUN at command to parse CMR
E/dun_service( 1652): DUNSTATE: DUN_ATCMD_INVALID
I/dun_service( 1652): AT command buffering: detected char(65)
I/dun_service( 1652): AT command buffering: buffered (A)
E/dun_service( 1652): DUN at command to parse ACMR
E/dun_service( 1652): DUNSTATE: DUN_ATCMD_INVALID
I/dun_service( 1652): AT command buffering: detected char(84)
I/dun_service( 1652): AT command buffering: buffered (AT)
E/dun_service( 1652): DUN at command to parse TCMR
E/dun_service( 1652): DUNSTATE: DUN_ATCMD_INVALID
I/dun_service( 1652): AT command buffering: detected char(43)
I/dun_service( 1652): AT command buffering: buffered (AT+)
E/dun_service( 1652): DUN at command to parse +CMR
E/dun_service( 1652): DUNSTATE: DUN_ATCMD_INVALID
I/dun_service( 1652): AT command buffering: detected char(67)
I/dun_service( 1652): AT command buffering: buffered (AT+C)
E/dun_service( 1652): DUN at command to parse CCMR
E/dun_service( 1652): DUNSTATE: DUN_ATCMD_INVALID
I/dun_service( 1652): AT command buffering: detected char(71)
I/dun_service( 1652): AT command buffering: buffered (AT+CG)
E/dun_service( 1652): DUN at command to parse GCMR
E/dun_service( 1652): DUNSTATE: DUN_ATCMD_INVALID
I/dun_service( 1652): AT command buffering: detected char(77)
I/dun_service( 1652): AT command buffering: buffered (AT+CGM)
E/dun_service( 1652): DUN at command to parse MCMR
E/dun_service( 1652): DUNSTATE: DUN_ATCMD_INVALID
E/dun_service( 1652): DUN at command to parse RMR
E/dun_service( 1652): DUNSTATE: DUN_ATCMD_INVALID
I/dun_service( 1652): AT command buffering: detected char(65)
I/dun_service( 1652): AT command buffering: buffered (A)
E/dun_service( 1652): DUN at command to parse AMR
E/dun_service( 1652): DUNSTATE: DUN_ATCMD_INVALID
I/dun_service( 1652): AT command buffering: detected char(84)
I/dun_service( 1652): AT command buffering: buffered (AT)
E/dun_service( 1652): DUN at command to parse TMR
E/dun_service( 1652): DUNSTATE: DUN_ATCMD_INVALID
I/dun_service( 1652): AT command buffering: detected char(73)
I/dun_service( 1652): AT command buffering: buffered (ATI)
E/dun_service( 1652): DUN at command to parse IMR
E/dun_service( 1652): DUNSTATE: DUN_ATCMD_INVALID
I/dun_service( 1652): AT command buffering: detected char(13)
I/dun_service( 1652): AT command buffering: CR or LF detected(13)
E/dun_service( 1652): DUNSTATE: DUN_ATCMD_INVALID
E/dun_service( 1652): DUN at command to parse MR
E/dun_service( 1652): DUNSTATE: DUN_ATCMD_INVALID
I/dun_service( 1652): AT command buffering: detected char(65)
I/dun_service( 1652): AT command buffering: buffered (A)
E/dun_service( 1652): DUN at command to parse AMR
E/dun_service( 1652): DUNSTATE: DUN_ATCMD_INVALID
I/dun_service( 1652): AT command buffering: detected char(84)
I/dun_service( 1652): AT command buffering: buffered (AT)
E/dun_service( 1652): DUN at command to parse TMR
E/dun_service( 1652): DUNSTATE: DUN_ATCMD_INVALID
E/dun_service( 1652): DUN at command to parse I1R
E/dun_service( 1652): DUNSTATE: DUN_ATCMD_INVALID
I/dun_service( 1652): AT command buffering: detected char(65)
I/dun_service( 1652): AT command buffering: buffered (A)
E/dun_service( 1652): DUN at command to parse A1R
E/dun_service( 1652): DUNSTATE: DUN_ATCMD_INVALID
I/dun_service( 1652): AT command buffering: detected char(84)
I/dun_service( 1652): AT command buffering: buffered (AT)
E/dun_service( 1652): DUN at command to parse T1R
E/dun_service( 1652): DUNSTATE: DUN_ATCMD_INVALID
I/dun_service( 1652): AT command buffering: detected char(43)
I/dun_service( 1652): AT command buffering: buffered (AT+)
E/dun_service( 1652): DUN at command to parse +1R
E/dun_service( 1652): DUNSTATE: DUN_ATCMD_INVALID
I/dun_service( 1652): AT command buffering: detected char(71)
I/dun_service( 1652): AT command buffering: buffered (AT+G)
E/dun_service( 1652): DUN at command to parse G1R
E/dun_service( 1652): DUNSTATE: DUN_ATCMD_INVALID
I/dun_service( 1652): AT command buffering: detected char(83)
I/dun_service( 1652): AT command buffering: buffered (AT+GS)
E/dun_service( 1652): DUN at command to parse S1R
E/dun_service( 1652): DUNSTATE: DUN_ATCMD_INVALID
